Fri Oct 30 19:32:47 2020 : [Errno 11] Resource temporarily unavailable
Fri Oct 30 19:32:49 2020 : [Errno 11] Resource temporarily unavailable
Fri Oct 30 19:32:51 2020 : [Errno 11] Resource temporarily unavailable
Fri Oct 30 19:32:53 2020 : [Errno 11] Resource temporarily unavailable
Fri Oct 30 19:34:24 2020 : [Errno 11] Resource temporarily unavailable
Fri Oct 30 19:34:26 2020 : [Errno 11] Resource temporarily unavailable
Fri Oct 30 19:34:28 2020 : [Errno 11] Resource temporarily unavailable
Fri Oct 30 19:34:30 2020 : [Errno 11] Resource temporarily unavailable
Fri Oct 30 19:34:32 2020 : [Errno 11] Resource temporarily unavailable
Fri Oct 30 19:34:34 2020 : [Errno 11] Resource temporarily unavailable
Fri Oct 30 19:34:36 2020 : [Errno 11] Resource temporarily unavailable
Fri Oct 30 19:34:38 2020 : [Errno 11] Resource temporarily unavailable
Fri Oct 30 19:34:40 2020 : [Errno 11] Resource temporarily unavailable
Fri Oct 30 19:34:42 2020 : [Errno 11] Resource temporarily unavailable
Fri Oct 30 19:34:44 2020 : [Errno 11] Resource temporarily unavailable
Fri Oct 30 19:34:46 2020 : [Errno 11] Resource temporarily unavailable
Fri Oct 30 19:34:48 2020 : [Errno 11] Resource temporarily unavailable
Fri Oct 30 19:34:50 2020 : [Errno 11] Resource temporarily unavailable
Fri Oct 30 19:34:52 2020 : [Errno 11] Resource temporarily unavailable
Fri Oct 30 19:34:54 2020 : [Errno 11] Resource temporarily unavailable
Fri Oct 30 19:34:56 2020 : [Errno 11] Resource temporarily unavailable
Fri Oct 30 19:34:58 2020 : [Errno 11] Resource temporarily unavailable
Fri Oct 30 19:35:00 2020 : [Errno 11] Resource temporarily unavailable
Fri Oct 30 19:35:02 2020 : [Errno 11] Resource temporarily unavailable
Fri Oct 30 19:35:04 2020 : [Errno 11] Resource temporarily unavailable
Fri Oct 30 19:35:06 2020 : [Errno 11] Resource temporarily unavailable
Fri Oct 30 19:35:08 2020 : [Errno 11] Resource temporarily unavailable
Fri Oct 30 19:35:10 2020 : [Errno 11] Resource temporarily unavailable
Fri Oct 30 19:35:12 2020 : [Errno 11] Resource temporarily unavailable
Fri Oct 30 19:35:14 2020 : [Errno 11] Resource temporarily unavailable
Fri Oct 30 19:35:16 2020 : [Errno 11] Resource temporarily unavailable
Fri Oct 30 19:35:18 2020 : [Errno 11] Resource temporarily unavailable
Fri Oct 30 19:35:20 2020 : [Errno 11] Resource temporarily unavailable
Fri Oct 30 19:35:22 2020 : [Errno 11] Resource temporarily unavailable
Fri Oct 30 19:35:24 2020 : [Errno 11] Resource temporarily unavailable
Fri Oct 30 19:35:26 2020 : [Errno 11] Resource temporarily unavailable
Fri Oct 30 19:35:28 2020 : [Errno 11] Resource temporarily unavailable
Fri Oct 30 19:35:30 2020 : [Errno 11] Resource temporarily unavailable
Fri Oct 30 19:35:32 2020 : [Errno 11] Resource temporarily unavailable
Fri Oct 30 19:35:34 2020 : [Errno 11] Resource temporarily unavailable
Fri Oct 30 19:35:36 2020 : [Errno 11] Resource temporarily unavailable
Fri Oct 30 19:35:38 2020 : [Errno 11] Resource temporarily unavailable
Fri Oct 30 19:35:40 2020 : [Errno 11] Resource temporarily unavailable
Fri Oct 30 19:35:42 2020 : [Errno 11] Resource temporarily unavailable
Fri Oct 30 19:35:44 2020 : [Errno 11] Resource temporarily unavailable
Fri Oct 30 19:35:46 2020 : [Errno 11] Resource temporarily unavailable
Fri Oct 30 19:35:48 2020 : [Errno 11] Resource temporarily unavailable
Fri Oct 30 19:35:50 2020 : [Errno 11] Resource temporarily unavailable
Fri Oct 30 19:35:52 2020 : [Errno 11] Resource temporarily unavailable
Fri Oct 30 19:35:54 2020 : [Errno 11] Resource temporarily unavailable
Fri Oct 30 19:35:56 2020 : [Errno 11] Resource temporarily unavailable
Fri Oct 30 19:35:58 2020 : [Errno 11] Resource temporarily unavailable
Fri Oct 30 19:36:00 2020 : [Errno 11] Resource temporarily unavailable
Fri Oct 30 19:36:02 2020 : [Errno 11] Resource temporarily unavailable
Fri Oct 30 19:36:04 2020 : [Errno 11] Resource temporarily unavailable
Fri Oct 30 19:36:06 2020 : [Errno 11] Resource temporarily unavailable
Fri Oct 30 19:36:08 2020 : [Errno 11] Resource temporarily unavailable
Fri Oct 30 19:36:10 2020 : [Errno 11] Resource temporarily unavailable
Fri Oct 30 19:36:12 2020 : [Errno 11] Resource temporarily unavailable
Fri Oct 30 19:36:14 2020 : [Errno 11] Resource temporarily unavailable
Fri Oct 30 19:36:16 2020 : [Errno 11] Resource temporarily unavailable
Fri Oct 30 19:36:18 2020 : [Errno 11] Resource temporarily unavailable
Fri Oct 30 19:36:20 2020 : [Errno 11] Resource temporarily unavailable
Fri Oct 30 19:36:22 2020 : [Errno 11] Resource temporarily unavailable
Fri Oct 30 19:36:24 2020 : [Errno 11] Resource temporarily unavailable
Fri Oct 30 19:36:26 2020 : [Errno 11] Resource temporarily unavailable
Fri Oct 30 19:36:28 2020 : [Errno 11] Resource temporarily unavailable
Fri Oct 30 19:36:30 2020 : [Errno 11] Resource temporarily unavailable
Fri Oct 30 19:36:32 2020 : [Errno 11] Resource temporarily unavailable
Fri Oct 30 19:36:34 2020 : [Errno 11] Resource temporarily unavailable
Fri Oct 30 19:36:36 2020 : [Errno 11] Resource temporarily unavailable
Fri Oct 30 19:36:38 2020 : [Errno 11] Resource temporarily unavailable
Fri Oct 30 19:36:40 2020 : [Errno 11] Resource temporarily unavailable
Fri Oct 30 19:36:42 2020 : [Errno 11] Resource temporarily unavailable
Fri Oct 30 19:36:44 2020 : [Errno 11] Resource temporarily unavailable
Fri Oct 30 19:36:46 2020 : [Errno 11] Resource temporarily unavailable
Fri Oct 30 19:36:48 2020 : [Errno 11] Resource temporarily unavailable
Fri Oct 30 19:36:50 2020 : [Errno 11] Resource temporarily unavailable
Fri Oct 30 19:36:52 2020 : [Errno 11] Resource temporarily unavailable
Fri Oct 30 19:36:54 2020 : [Errno 11] Resource temporarily unavailable
Fri Oct 30 19:36:56 2020 : [Errno 11] Resource temporarily unavailable
Fri Oct 30 19:36:58 2020 : [Errno 11] Resource temporarily unavailable
Fri Oct 30 19:37:00 2020 : [Errno 11] Resource temporarily unavailable
Fri Oct 30 19:37:02 2020 : [Errno 11] Resource temporarily unavailable
Fri Oct 30 19:37:04 2020 : [Errno 11] Resource temporarily unavailable
Fri Oct 30 19:37:06 2020 : [Errno 11] Resource temporarily unavailable
Fri Oct 30 19:37:08 2020 : [Errno 11] Resource temporarily unavailable
Fri Oct 30 19:37:10 2020 : [Errno 11] Resource temporarily unavailable
Fri Oct 30 19:37:12 2020 : [Errno 11] Resource temporarily unavailable
Fri Oct 30 19:37:14 2020 : [Errno 11] Resource temporarily unavailable
Fri Oct 30 19:37:16 2020 : [Errno 11] Resource temporarily unavailable
Fri Oct 30 19:37:18 2020 : [Errno 11] Resource temporarily unavailable
Fri Oct 30 19:37:20 2020 : [Errno 11] Resource temporarily unavailable
Fri Oct 30 19:37:22 2020 : [Errno 11] Resource temporarily unavailable
Fri Oct 30 19:37:24 2020 : [Errno 11] Resource temporarily unavailable
Fri Oct 30 19:37:26 2020 : [Errno 11] Resource temporarily unavailable
Fri Oct 30 19:37:28 2020 : [Errno 11] Resource temporarily unavailable
Fri Oct 30 19:37:30 2020 : [Errno 11] Resource temporarily unavailable
Fri Oct 30 19:37:32 2020 : [Errno 11] Resource temporarily unavailable
Fri Oct 30 19:37:34 2020 : [Errno 11] Resource temporarily unavailable
Fri Oct 30 19:37:36 2020 : [Errno 11] Resource temporarily unavailable
Fri Oct 30 19:37:38 2020 : [Errno 11] Resource temporarily unavailable
Fri Oct 30 19:37:40 2020 : [Errno 11] Resource temporarily unavailable
Fri Oct 30 19:37:42 2020 : [Errno 11] Resource temporarily unavailable
Fri Oct 30 19:37:44 2020 : [Errno 11] Resource temporarily unavailable
Fri Oct 30 19:37:46 2020 : [Errno 11] Resource temporarily unavailable
Fri Oct 30 19:37:48 2020 : [Errno 11] Resource temporarily unavailable
Fri Oct 30 19:37:50 2020 : [Errno 11] Resource temporarily unavailable
Fri Oct 30 19:37:52 2020 : [Errno 11] Resource temporarily unavailable
Fri Oct 30 19:37:54 2020 : [Errno 11] Resource temporarily unavailable
Fri Oct 30 19:37:56 2020 : [Errno 11] Resource temporarily unavailable
Fri Oct 30 19:37:58 2020 : [Errno 11] Resource temporarily unavailable
Fri Oct 30 19:38:00 2020 : [Errno 11] Resource temporarily unavailable
Fri Oct 30 19:38:02 2020 : [Errno 11] Resource temporarily unavailable
Fri Oct 30 19:38:04 2020 : [Errno 11] Resource temporarily unavailable
Fri Oct 30 19:38:06 2020 : [Errno 11] Resource temporarily unavailable
Fri Oct 30 19:38:08 2020 : [Errno 11] Resource temporarily unavailable
Fri Oct 30 19:38:10 2020 : [Errno 11] Resource temporarily unavailable
Fri Oct 30 19:38:12 2020 : [Errno 11] Resource temporarily unavailable
Fri Oct 30 19:38:14 2020 : [Errno 11] Resource temporarily unavailable
Fri Oct 30 19:38:16 2020 : [Errno 11] Resource temporarily unavailable
Fri Oct 30 19:38:18 2020 : [Errno 11] Resource temporarily unavailable
Fri Oct 30 19:38:20 2020 : [Errno 11] Resource temporarily unavailable
Fri Oct 30 19:38:22 2020 : [Errno 11] Resource temporarily unavailable
Fri Oct 30 19:38:24 2020 : [Errno 11] Resource temporarily unavailable
Fri Oct 30 19:38:26 2020 : [Errno 11] Resource temporarily unavailable
Fri Oct 30 19:38:28 2020 : [Errno 11] Resource temporarily unavailable
Fri Oct 30 19:38:30 2020 : [Errno 11] Resource temporarily unavailable
Fri Oct 30 19:38:32 2020 : [Errno 11] Resource temporarily unavailable
Fri Oct 30 19:38:34 2020 : [Errno 11] Resource temporarily unavailable
Fri Oct 30 19:38:36 2020 : [Errno 11] Resource temporarily unavailable
Fri Oct 30 19:38:38 2020 : [Errno 11] Resource temporarily unavailable
Fri Oct 30 19:38:40 2020 : [Errno 11] Resource temporarily unavailable
Fri Oct 30 19:38:42 2020 : [Errno 11] Resource temporarily unavailable
Fri Oct 30 19:38:44 2020 : [Errno 11] Resource temporarily unavailable
Fri Oct 30 19:38:46 2020 : [Errno 11] Resource temporarily unavailable
Fri Oct 30 19:38:48 2020 : [Errno 11] Resource temporarily unavailable
Fri Oct 30 19:38:50 2020 : [Errno 11] Resource temporarily unavailable
Fri Oct 30 19:38:52 2020 : [Errno 11] Resource temporarily unavailable
Fri Oct 30 19:38:54 2020 : [Errno 11] Resource temporarily unavailable
Fri Oct 30 19:38:56 2020 : [Errno 11] Resource temporarily unavailable
Fri Oct 30 19:38:58 2020 : [Errno 11] Resource temporarily unavailable
Fri Oct 30 19:39:00 2020 : [Errno 11] Resource temporarily unavailable
Fri Oct 30 19:39:02 2020 : [Errno 11] Resource temporarily unavailable
Fri Oct 30 19:39:04 2020 : [Errno 11] Resource temporarily unavailable
Fri Oct 30 19:39:06 2020 : [Errno 11] Resource temporarily unavailable
Fri Oct 30 19:39:08 2020 : [Errno 11] Resource temporarily unavailable
Fri Oct 30 19:39:10 2020 : [Errno 11] Resource temporarily unavailable
Fri Oct 30 19:39:12 2020 : [Errno 11] Resource temporarily unavailable
Fri Oct 30 19:39:14 2020 : [Errno 11] Resource temporarily unavailable
Fri Oct 30 19:39:16 2020 : [Errno 11] Resource temporarily unavailable
Fri Oct 30 19:39:18 2020 : [Errno 11] Resource temporarily unavailable
Fri Oct 30 19:39:20 2020 : [Errno 11] Resource temporarily unavailable
Fri Oct 30 19:39:22 2020 : [Errno 11] Resource temporarily unavailable
Fri Oct 30 19:39:24 2020 : [Errno 11] Resource temporarily unavailable
Fri Oct 30 19:39:26 2020 : [Errno 11] Resource temporarily unavailable
Fri Oct 30 19:39:28 2020 : [Errno 11] Resource temporarily unavailable
Fri Oct 30 19:39:30 2020 : [Errno 11] Resource temporarily unavailable
Fri Oct 30 19:39:32 2020 : [Errno 11] Resource temporarily unavailable
Fri Oct 30 19:39:34 2020 : [Errno 11] Resource temporarily unavailable
Fri Oct 30 19:39:36 2020 : [Errno 11] Resource temporarily unavailable
Fri Oct 30 19:39:38 2020 : [Errno 11] Resource temporarily unavailable
Fri Oct 30 19:39:40 2020 : [Errno 11] Resource temporarily unavailable
Fri Oct 30 19:39:42 2020 : [Errno 11] Resource temporarily unavailable
Fri Oct 30 19:39:44 2020 : [Errno 11] Resource temporarily unavailable
Fri Oct 30 19:39:46 2020 : [Errno 11] Resource temporarily unavailable
Fri Oct 30 19:39:48 2020 : [Errno 11] Resource temporarily unavailable
Fri Oct 30 19:39:50 2020 : [Errno 11] Resource temporarily unavailable
Fri Oct 30 19:39:52 2020 : [Errno 11] Resource temporarily unavailable
Fri Oct 30 19:39:54 2020 : [Errno 11] Resource temporarily unavailable
Fri Oct 30 19:39:56 2020 : [Errno 11] Resource temporarily unavailable
Fri Oct 30 19:39:58 2020 : [Errno 11] Resource temporarily unavailable
Fri Oct 30 19:40:00 2020 : [Errno 11] Resource temporarily unavailable
Fri Oct 30 19:40:02 2020 : [Errno 11] Resource temporarily unavailable
Fri Oct 30 19:40:04 2020 : [Errno 11] Resource temporarily unavailable
Fri Oct 30 19:40:06 2020 : [Errno 11] Resource temporarily unavailable
Fri Oct 30 19:40:08 2020 : [Errno 11] Resource temporarily unavailable
Fri Oct 30 19:40:10 2020 : [Errno 11] Resource temporarily unavailable
Fri Oct 30 19:40:12 2020 : [Errno 11] Resource temporarily unavailable
Fri Oct 30 19:40:14 2020 : [Errno 11] Resource temporarily unavailable
Fri Oct 30 19:40:16 2020 : [Errno 11] Resource temporarily unavailable
Fri Oct 30 19:40:18 2020 : [Errno 11] Resource temporarily unavailable
Fri Oct 30 19:40:20 2020 : [Errno 11] Resource temporarily unavailable
Fri Oct 30 19:40:22 2020 : [Errno 11] Resource temporarily unavailable
Fri Oct 30 19:40:24 2020 : [Errno 11] Resource temporarily unavailable
Fri Oct 30 19:40:26 2020 : [Errno 11] Resource temporarily unavailable
Fri Oct 30 19:40:28 2020 : [Errno 11] Resource temporarily unavailable
Fri Oct 30 19:40:30 2020 : [Errno 11] Resource temporarily unavailable
Fri Oct 30 19:40:32 2020 : [Errno 11] Resource temporarily unavailable
Fri Oct 30 19:40:34 2020 : [Errno 11] Resource temporarily unavailable
Fri Oct 30 19:40:36 2020 : [Errno 11] Resource temporarily unavailable
Fri Oct 30 19:40:38 2020 : [Errno 11] Resource temporarily unavailable
Fri Oct 30 19:40:40 2020 : [Errno 11] Resource temporarily unavailable
Fri Oct 30 19:40:42 2020 : [Errno 11] Resource temporarily unavailable
Fri Oct 30 19:40:44 2020 : [Errno 11] Resource temporarily unavailable
Fri Oct 30 19:40:46 2020 : [Errno 11] Resource temporarily unavailable
Fri Oct 30 19:40:48 2020 : [Errno 11] Resource temporarily unavailable
Fri Oct 30 19:40:50 2020 : [Errno 11] Resource temporarily unavailable
Fri Oct 30 19:40:52 2020 : [Errno 11] Resource temporarily unavailable
Fri Oct 30 19:40:54 2020 : [Errno 11] Resource temporarily unavailable
Fri Oct 30 19:40:56 2020 : [Errno 11] Resource temporarily unavailable
Fri Oct 30 19:40:58 2020 : [Errno 11] Resource temporarily unavailable
Fri Oct 30 19:41:00 2020 : [Errno 11] Resource temporarily unavailable
Fri Oct 30 19:41:02 2020 : [Errno 11] Resource temporarily unavailable
Fri Oct 30 19:41:04 2020 : [Errno 11] Resource temporarily unavailable
Fri Oct 30 19:41:06 2020 : [Errno 11] Resource temporarily unavailable
Fri Oct 30 19:41:08 2020 : [Errno 11] Resource temporarily unavailable
Fri Oct 30 19:41:10 2020 : [Errno 11] Resource temporarily unavailable
Fri Oct 30 19:41:12 2020 : [Errno 11] Resource temporarily unavailable
Fri Oct 30 19:41:14 2020 : [Errno 11] Resource temporarily unavailable
Fri Oct 30 19:41:16 2020 : [Errno 11] Resource temporarily unavailable
Fri Oct 30 19:41:18 2020 : [Errno 11] Resource temporarily unavailable
Fri Oct 30 19:41:20 2020 : [Errno 11] Resource temporarily unavailable
Fri Oct 30 19:41:22 2020 : [Errno 11] Resource temporarily unavailable
Fri Oct 30 19:41:24 2020 : [Errno 11] Resource temporarily unavailable
Fri Oct 30 19:41:26 2020 : [Errno 11] Resource temporarily unavailable
Fri Oct 30 19:41:28 2020 : [Errno 11] Resource temporarily unavailable
Fri Oct 30 19:41:30 2020 : [Errno 11] Resource temporarily unavailable
Fri Oct 30 19:41:32 2020 : [Errno 11] Resource temporarily unavailable
Fri Oct 30 19:41:34 2020 : [Errno 11] Resource temporarily unavailable
Fri Oct 30 19:41:36 2020 : [Errno 11] Resource temporarily unavailable
